// Vitest Snapshot v1, https://vitest.dev/guide/snapshot.html

exports[`okuMenu > should render OkuMenu correctly 1`] = `"<oku-popper-stub scopeokupopper="[object Object]"></oku-popper-stub>"`;

exports[`okuMenu > should render OkuMenuAnchor correctly 1`] = `"<oku-popper-anchor-stub scopeokupopper="[object Object]" aschild="false"></oku-popper-anchor-stub>"`;

exports[`okuMenu > should render OkuMenuArrow correctly 1`] = `"<oku-popper-arrow-stub scopeokupopper="[object Object]" width="10" height="5" aschild="false"></oku-popper-arrow-stub>"`;

exports[`okuMenu > should render OkuMenuCheckboxItem correctly 1`] = `"<oku-menu-item-stub aschild="false" role="menuitemcheckbox" aria-checked="false" data-state="unchecked"></oku-menu-item-stub>"`;

exports[`okuMenu > should render OkuMenuContent correctly 1`] = `[Error: \`OkuMenuContent\` must be used within \`OkuMenu\`]`;

exports[`okuMenu > should render OkuMenuContentImpl correctly 1`] = `[Error: \`OkuMenuContent\` must be used within \`OkuMenu\`]`;

exports[`okuMenu > should render OkuMenuGroup correctly 1`] = `"<primitivediv-stub aschild="false" role="group"></primitivediv-stub>"`;

exports[`okuMenu > should render OkuMenuItem correctly 1`] = `[Error: \`OkuMenuItem\` must be used within \`OkuMenu\`]`;

exports[`okuMenu > should render OkuMenuItemImpl correctly 1`] = `[Error: \`OkuMenuItem\` must be used within \`OkuMenuContent\`]`;

exports[`okuMenu > should render OkuMenuItemIndicator correctly 1`] = `"<oku-presence-stub present="false"></oku-presence-stub>"`;

exports[`okuMenu > should render OkuMenuLabel correctly 1`] = `"<primitivediv-stub aschild="false"></primitivediv-stub>"`;

exports[`okuMenu > should render OkuMenuPortal correctly 1`] = `[Error: \`OkuMenuPortal\` must be used within \`OkuMenu\`]`;

exports[`okuMenu > should render OkuMenuRadioGroup correctly 1`] = `"<oku-menu-group-stub aschild="false"></oku-menu-group-stub>"`;

exports[`okuMenu > should render OkuMenuRadioItem correctly 1`] = `"<oku-menu-item-stub aschild="false" role="menuitemradio" aria-checked="true" data-state="checked"></oku-menu-item-stub>"`;

exports[`okuMenu > should render OkuMenuRootContentModal correctly 1`] = `[Error: \`OkuMenuContent\` must be used within \`OkuMenu\`]`;

exports[`okuMenu > should render OkuMenuRootContentNonModal correctly 1`] = `[Error: \`OkuMenuContent\` must be used within \`OkuMenu\`]`;

exports[`okuMenu > should render OkuMenuSeparator correctly 1`] = `"<primitivediv-stub aschild="false" role="separator" aria-orientation="horizontal"></primitivediv-stub>"`;

exports[`okuMenu > should render OkuMenuSub correctly 1`] = `[Error: \`OkuMenuSub\` must be used within \`OkuMenu\`]`;

exports[`okuMenu > should render OkuMenuSubContent correctly 1`] = `[Error: \`OkuMenuSubContent\` must be used within \`OkuMenu\`]`;

exports[`okuMenu > should render OkuMenuSubTrigger correctly 1`] = `[Error: \`OkuMenuSubTrigger\` must be used within \`OkuMenu\`]`;

exports[`okuMenu Stories > animated > should render correctly 1`] = `
"<label><input type="checkbox"> open </label>
<br>
<br>
<menu-with-anchor-stub open="true" class="menu-animated-content menu-content"></menu-with-anchor-stub>"
`;

exports[`okuMenu Stories > checkboxItems > should render correctly 1`] = `"<menu-with-anchor-stub open="true"></menu-with-anchor-stub>"`;

exports[`okuMenu Stories > radioItems > should render correctly 1`] = `"<menu-with-anchor-stub open="true"></menu-with-anchor-stub>"`;

exports[`okuMenu Stories > styled > should render correctly 1`] = `"<menu-with-anchor-stub open="true"></menu-with-anchor-stub>"`;

exports[`okuMenu Stories > submenus > should render correctly 1`] = `"<direction-provider-stub dir="ltr"></direction-provider-stub>"`;

exports[`okuMenu Stories > typeahead > should render correctly 1`] = `
"<h1>Testing ground for typeahead behaviour</h1>
<div style="display: flex; align-items: flex-start; gap: 100px;">
  <div>
    <h2>Text labels</h2>
    <div style="margin-bottom: 20px;">
      <p> For comparison <br> try the closed select below </p><select aria-label="food group">
        <option value="apple">Apple</option>
        <option value="banana">Banana</option>
        <option value="blueberry">Blueberry</option>
        <option value="grapes">Grapes</option>
        <option value="pineapple">Pineapple</option>
        <option value="aubergine">Aubergine</option>
        <option value="broccoli">Broccoli</option>
        <option disabled="" value="carrot">Carrot</option>
        <option value="courgette">Courgette</option>
        <option value="leek">Leek</option>
        <option value="beef">Beef</option>
        <option value="beef-with-sauce">Beef with sauce</option>
        <option value="chicken">Chicken</option>
        <option value="lamb">Lamb</option>
        <option value="pork">Pork</option>
        <option value="candies">Candies</option>
        <option value="chocolates">Chocolates</option>
      </select>
    </div>
    <with-labels-stub></with-labels-stub>
  </div>
  <div>
    <h2>Complex children</h2>
    <p>(relying on \`.textContent\` â€” default)</p>
    <menu-with-anchor-stub open="true"></menu-with-anchor-stub>
  </div>
  <div>
    <h2>Complex children</h2>
    <p>(with explicit \`textValue\` prop)</p>
    <menu-with-anchor-stub open="true"></menu-with-anchor-stub>
  </div>
</div>"
`;

exports[`okuMenu Stories > withLabels > should render correctly 1`] = `"<menu-with-anchor-stub open="true"></menu-with-anchor-stub>"`;
