// Vitest Snapshot v1, https://vitest.dev/guide/snapshot.html

exports[`okuAvatar > should render OkuAvatar correctly 1`] = `"<oku-avatar-stub aschild="false" data-testid="avatar-test"></oku-avatar-stub>"`;

exports[`okuAvatar > should render OkuAvatar correctly 2`] = `"<primitivespan-stub aschild="false"></primitivespan-stub>"`;

exports[`okuAvatar > should render OkuAvatarFallback correctly 1`] = `[Error: \`OkuAvatarFallback\` must be used within \`OkuAvatar\`]`;

exports[`okuAvatar > should render OkuAvatarImage correctly 1`] = `[Error: \`OkuAvatarImage\` must be used within \`OkuAvatar\`]`;

exports[`okuAvatar Stories > chromatic > should render correctly 1`] = `
"<h1>Without image &amp; with fallback</h1>
<oku-avatar-stub aschild="false" class="avatar"></oku-avatar-stub>
<h1>With image &amp; with fallback</h1>
<oku-avatar-stub aschild="false" class="avatar"></oku-avatar-stub>
<h1>With image &amp; with fallback (but broken src)</h1>
<oku-avatar-stub aschild="false" class="avatar"></oku-avatar-stub>"
`;

exports[`okuAvatar Stories > styled > should render correctly 1`] = `
"<h1>Without image &amp; with fallback</h1>
<oku-avatar-stub aschild="false" class="avatar"></oku-avatar-stub>
<h1>With image &amp; with fallback</h1>
<oku-avatar-stub aschild="false" class="avatar"></oku-avatar-stub>
<h1>With image &amp; with fallback (but broken src)</h1>
<oku-avatar-stub aschild="false" class="avatar"></oku-avatar-stub>"
`;
