// Vitest Snapshot v1, https://vitest.dev/guide/snapshot.html

exports[`label > tag 1`] = `
<svg
  data-testid="test-arrow"
  height="30"
  preserveAspectRatio="none"
  viewBox="0 0 30 10"
  width="40"
>
  
  <polygon
    points="0,0 30,0 15,10"
  />
  
</svg>
`;
